func Main [in 0, out 0, local 0]
    $s0 = 
    PrintIntS($s0)
    ret
func Fac.ComputeFac [in 0, out 0, local 0]
    $s2 = LtS($s0 1)
    $s0 = 1
    $s0 = Sub($s1 1)
    $s3 = 
    $s0 = MulS($s1 $s3)
    ret

