7.9
8.9
9.3
10.5
12.7
13.7
14.9
15.3
16.3
19.9
20.3
1
22.5
24.9
25.9
26.11
27.11
28.15
30.3
