--- Error (ProgramFault) ---
require function address, found undefined value
  Main() line 8
