--- Error (ProgramFault) ---
require function address, found data address<Heap.0>+0
  Main() line 11
