25
10000000
39
25
10000000
22
39
25
1
--- Error (ProgramFault) ---
require data address, found integer1
  Main() line 11
  LL.Start() line 626
  List.Search() line 368
