25
10000000
39
25
10000000
22
39
25
1
0
10000000
28
22
39
25
2220000
--- Error (ProgramFault) ---
invalid argument types: (integer1, data address<Heap.6>+0)
  Main() line 36
  LL.Start() line 763
  List.Delete() line 307
