const vmt_MT4
    :MT4.Start
    :MT4.Change

func Main [in 0, out 3, local 3]
local[0] = $s0
local[1] = $s1
local[2] = $s2
$s0 = HeapAllocZ(4)
[$s0+0] = :vmt_MT4
if $s0 goto :null1
Error("null pointer")
null1:
$s1 = [$s0+0]
$s1 = [$s1+0]
$a0 = $s0
$a1 = 1
$a2 = 2
$a3 = 3
out[0] = 4
out[1] = 5
out[2] = 6
call $s1
$s2 = $v0
PrintIntS($s2)
$s0 = local[0]
$s1 = local[1]
$s2 = local[2]
ret

func MT4.Start [in 3, out 3, local 8]
local[0] = $s0
local[1] = $s1
local[2] = $s2
local[3] = $s3
local[4] = $s4
local[5] = $s5
local[6] = $s6
local[7] = $s7
$s3 = $a0
$s0 = $a1
$s4 = $a2
$s1 = $a3
$s5 = in[0]
$s2 = in[1]
$s6 = in[2]
PrintIntS($s0)
PrintIntS($s4)
PrintIntS($s1)
PrintIntS($s5)
PrintIntS($s2)
PrintIntS($s6)
$s7 = [$s3+0]
$s7 = [$s7+4]
$a0 = $s3
$a1 = $s6
$a2 = $s2
$a3 = $s5
out[0] = $s1
out[1] = $s4
out[2] = $s0
call $s7
$t0 = $v0
$v0 = $t0
$s0 = local[0]
$s1 = local[1]
$s2 = local[2]
$s3 = local[3]
$s4 = local[4]
$s5 = local[5]
$s6 = local[6]
$s7 = local[7]
ret

func MT4.Change [in 3, out 0, local 7]
local[0] = $s0
local[1] = $s1
local[2] = $s2
local[3] = $s3
local[4] = $s4
local[5] = $s5
local[6] = $s6
$s0 = $a0
$s1 = $a1
$s2 = $a2
$s3 = $a3
$s4 = in[0]
$s5 = in[1]
$s6 = in[2]
PrintIntS($s1)
PrintIntS($s2)
PrintIntS($s3)
PrintIntS($s4)
PrintIntS($s5)
PrintIntS($s6)
$v0 = 0
$s0 = local[0]
$s1 = local[1]
$s2 = local[2]
$s3 = local[3]
$s4 = local[4]
$s5 = local[5]
$s6 = local[6]
ret

