func Main [in 0, out 0, local 0]
$s0 = 
PrintIntS($s0)
ret
func MT4.Start [in 0, out 0, local 0]
PrintIntS($s0)
PrintIntS($s4)
PrintIntS($s1)
PrintIntS($s5)
PrintIntS($s2)
PrintIntS($s6)
$s7 = 
ret
func MT4.Change [in 0, out 0, local 0]
PrintIntS($s0)
PrintIntS($s1)
PrintIntS($s2)
PrintIntS($s3)
PrintIntS($s4)
PrintIntS($s5)
ret

