func Main [in 0, out 0, local 0]
$s0 = HeapAllocZ(8)
if $s0 goto :null1
Error()
null1:
$s1 = 
PrintIntS($s1)
ret

func QS.Start [in 0, out 0, local 0]
$s1 = 
$s1 = 
PrintIntS(9999)
$s1 = Sub($s0 1)
$s1 = 
$s1 = 
ret

func QS.Sort [in 0, out 0, local 0]
$s0 = 0
$s0 = LtS($s1 $s2)
if $s0 goto :if1_else
if $s0 goto :null2
Error()
null2:
$s2 = Lt($s1 $s2)
if $s2 goto :bounds1
Error()
bounds1:
$s1 = MulS($s3 4)
$s1 = Add($s1 $s0)
$s0 = Sub($s2 1)
$s0 = $s3
$s0 = 1
while1_top:
if $s0 goto :while1_end
$s0 = 1
while2_top:
if $s0 goto :while2_end
$s1 = Add($s1 1)
if $s0 goto :null3
Error()
null3:
$s2 = Lt($s1 $s2)
if $s2 goto :bounds2
Error()
bounds2:
$s2 = MulS($s0 4)
$s2 = Add($s2 $s1)
$s1 = LtS($s0 $s3)
if $s1 goto :if2_else
$s0 = 0
goto :if2_end
if2_else:
$s0 = 1
if2_end:
goto :while2_top
while2_end:
$s0 = 1
while3_top:
if $s0 goto :while3_end
$s1 = Sub($s1 1)
if $s0 goto :null4
Error()
null4:
$s2 = Lt($s1 $s2)
if $s2 goto :bounds3
Error()
bounds3:
$s2 = MulS($s0 4)
$s2 = Add($s2 $s1)
$s1 = LtS($s3 $s0)
if $s1 goto :if3_else
$s0 = 0
goto :if3_end
if3_else:
$s0 = 1
if3_end:
goto :while3_top
while3_end:
if $s1 goto :null5
Error()
null5:
$s2 = Lt($s1 $s2)
if $s2 goto :bounds4
Error()
bounds4:
$s2 = MulS($s0 4)
$s2 = Add($s2 $s1)
if $s0 goto :null6
Error()
null6:
$s2 = Lt($s1 $s2)
if $s2 goto :bounds5
Error()
bounds5:
$s2 = MulS($s0 4)
$s2 = Add($s2 $s1)
if $s0 goto :null7
Error()
null7:
$s2 = Lt($s1 $s2)
if $s2 goto :bounds6
Error()
bounds6:
$s2 = MulS($s0 4)
$s2 = Add($s2 $s1)
if $s0 goto :null8
Error()
null8:
$s2 = Lt($s1 $s2)
if $s2 goto :bounds7
Error()
bounds7:
$s3 = MulS($s4 4)
$s3 = Add($s3 $s0)
$s0 = Add($s2 1)
$s1 = LtS($s4 $s0)
if $s1 goto :if4_else
$s0 = 0
goto :if4_end
if4_else:
$s0 = 1
if4_end:
goto :while1_top
while1_end:
if $s1 goto :null9
Error()
null9:
$s2 = Lt($s1 $s2)
if $s2 goto :bounds8
Error()
bounds8:
$s2 = MulS($s0 4)
$s2 = Add($s2 $s1)
if $s0 goto :null10
Error()
null10:
$s2 = Lt($s1 $s2)
if $s2 goto :bounds9
Error()
bounds9:
$s2 = MulS($s0 4)
$s2 = Add($s2 $s1)
if $s0 goto :null11
Error()
null11:
$s2 = Lt($s1 $s2)
if $s2 goto :bounds10
Error()
bounds10:
$s2 = MulS($s0 4)
$s2 = Add($s2 $s1)
if $s0 goto :null12
Error()
null12:
$s2 = Lt($s1 $s2)
if $s2 goto :bounds11
Error()
bounds11:
$s2 = MulS($s0 4)
$s2 = Add($s2 $s1)
if $s0 goto :null13
Error()
null13:
$s2 = Lt($s1 $s2)
if $s2 goto :bounds12
Error()
bounds12:
$s2 = MulS($s5 4)
$s2 = Add($s2 $s0)
$s0 = Sub($s4 1)
$s1 = 
$s0 = Add($s4 1)
$s1 = 
goto :if1_end
if1_else:
$s0 = 0
if1_end:
ret

func QS.Print [in 0, out 0, local 0]
$s0 = 0
while4_top:
$s3 = LtS($s0 $s1)
if $s3 goto :while4_end
if $s0 goto :null14
Error()
null14:
$s2 = Lt($s1 $s2)
if $s2 goto :bounds13
Error()
bounds13:
$s1 = MulS($s2 4)
$s1 = Add($s1 $s0)
PrintIntS($s0)
$s2 = Add($s2 1)
goto :while4_top
while4_end:
ret

func QS.Init [in 0, out 0, local 0]
$s2 = 
if $s0 goto :null15
Error()
null15:
$s1 = Lt(0 $s1)
if $s1 goto :bounds14
Error()
bounds14:
$s1 = MulS(0 4)
$s1 = Add($s1 $s0)
if $s0 goto :null16
Error()
null16:
$s1 = Lt(1 $s1)
if $s1 goto :bounds15
Error()
bounds15:
$s1 = MulS(1 4)
$s1 = Add($s1 $s0)
if $s0 goto :null17
Error()
null17:
$s1 = Lt(2 $s1)
if $s1 goto :bounds16
Error()
bounds16:
$s1 = MulS(2 4)
$s1 = Add($s1 $s0)
if $s0 goto :null18
Error()
null18:
$s1 = Lt(3 $s1)
if $s1 goto :bounds17
Error()
bounds17:
$s1 = MulS(3 4)
$s1 = Add($s1 $s0)
if $s0 goto :null19
Error()
null19:
$s1 = Lt(4 $s1)
if $s1 goto :bounds18
Error()
bounds18:
$s1 = MulS(4 4)
$s1 = Add($s1 $s0)
if $s0 goto :null20
Error()
null20:
$s1 = Lt(5 $s1)
if $s1 goto :bounds19
Error()
bounds19:
$s1 = MulS(5 4)
$s1 = Add($s1 $s0)
if $s0 goto :null21
Error()
null21:
$s1 = Lt(6 $s1)
if $s1 goto :bounds20
Error()
bounds20:
$s1 = MulS(6 4)
$s1 = Add($s1 $s0)
if $s0 goto :null22
Error()
null22:
$s1 = Lt(7 $s1)
if $s1 goto :bounds21
Error()
bounds21:
$s1 = MulS(7 4)
$s1 = Add($s1 $s0)
if $s0 goto :null23
Error()
null23:
$s1 = Lt(8 $s1)
if $s1 goto :bounds22
Error()
bounds22:
$s1 = MulS(8 4)
$s1 = Add($s1 $s0)
if $s0 goto :null24
Error()
null24:
$s1 = Lt(9 $s1)
if $s1 goto :bounds23
Error()
bounds23:
$s1 = MulS(9 4)
$s1 = Add($s1 $s0)
ret

func AllocArray [in 0, out 0, local 0]
$s0 = MulS($s1 4)
$s0 = Add($s0 4)
$s2 = HeapAllocZ($s0)
ret

