--- Error (ProgramFault) ---
require function address, found integer10
  Main() line 20
  QS.Start() line 39
  QS.Init() line 344
